// Vitest Snapshot v1, https://vitest.dev/guide/snapshot.html

exports[`Given a FormButton component > When it's rendered > Should always match with snapshot 1`] = `
<div>
  <button
    class="chakra-button css-l01cow"
    disabled=""
    type="submit"
  >
    Login
  </button>
</div>
`;
